// Jest Snapshot v1, https://goo.gl/fbAQLP

exports[`Cover renders correctly 1`] = `
<div
  className="makeStyles-heroContent-3"
>
  <div
    className="makeStyles-heroOverlay-4"
  >
    <h2
      className="MuiTypography-root makeStyles-title-1 MuiTypography-h3 MuiTypography-alignCenter"
    >
      Love Your Clan.
    </h2>
    <h2
      className="MuiTypography-root makeStyles-subtitle-2 MuiTypography-h6 MuiTypography-alignCenter"
    >
      JOYER is a wellbeing app which cultivates relationships. It's the best way to maintain strong connections and bring balance to your social headspace.
    </h2>
    <button
      className="MuiButtonBase-root MuiButton-root MuiButton-contained makeStyles-button-5"
      disabled={false}
      onBlur={[Function]}
      onDragLeave={[Function]}
      onFocus={[Function]}
      onKeyDown={[Function]}
      onKeyUp={[Function]}
      onMouseDown={[Function]}
      onMouseLeave={[Function]}
      onMouseUp={[Function]}
      onTouchEnd={[Function]}
      onTouchMove={[Function]}
      onTouchStart={[Function]}
      tabIndex={0}
      type="button"
    >
      <span
        className="MuiButton-label"
      >
        Coming Soon
      </span>
    </button>
    <svg
      aria-hidden="true"
      className="MuiSvgIcon-root makeStyles-downIcon-6"
      focusable="false"
      role="presentation"
      viewBox="0 0 24 24"
    >
      <path
        d="M7.41 8.59L12 13.17l4.59-4.58L18 10l-6 6-6-6 1.41-1.41z"
      />
    </svg>
  </div>
</div>
`;
